>>> FAILED: Dryer / Porcupine → dryer/porcupine-dryer (exit 1)
>>> FAILED: Dryer / Rotary Steam Tube → dryer/rotary-steam-tube-dryer (exit 1)
>>> FAILED: Dryer / Rotary Vacuum → dryer/rotary-vacuum-dryer (exit 1)
>>> FAILED: Dryer / Spray → dryer/spray-dryer (exit 1)
>>> FAILED: Dryer / Holoflite & Screw → dryer/holoflite-and-screw-dryer (exit 1)
>>> FAILED: Dryer / Fluid Bed → dryer/fluid-bed-dryer (exit 1)
>>> FAILED: Dryer / Ribbon & Paddle → dryer/ribbon-and-paddle-dryer (exit 1)
>>> FAILED: Centrifuge / Disc Bowl → centrifuge/disc-bowl-centrifuge (exit 1)
>>> FAILED: Centrifuge / Inverting Filter → centrifuge/inverting-filter-centrifuge (exit 1)
>>> FAILED: Centrifuge / Solid Bowl-Decanter → centrifuge/solid-bowl-decanter-centrifuge (exit 1)
>>> FAILED: Mixer / Muller → mixer/muller-mixer (exit 1)
>>> FAILED: Mixer / Nauta → mixer/nauta-mixer (exit 1)
>>> FAILED: Mixer / Intensive → mixer/intensive-mixer (exit 1)
>>> FAILED: Mixer / Twin Shell & Double Cone → mixer/twin-shell-and-double-cone-mixer (exit 1)
>>> FAILED: Mixer / Ribbon & Paddle → mixer/ribbon-paddle-mixer (exit 1)
>>> FAILED: Mixer / Double Arm → mixer/double-arm-mixer (exit 1)
>>> FAILED: Mixer / Continuous → mixer/continuous-mixer (exit 1)
>>> FAILED: Dryer / Twin Shell & Double Cone → dryer/twin-shell-and-double-cone-dryer (exit 1)
>>> FAILED: Dryer / Wyssmont → dryer/wyssmont-dryer (exit 1)
>>> FAILED: Dryer / Freeze → dryer/freeze-dryer (exit 1)
>>> FAILED: Dryer / Horizontal Belt & Continuous → dryer/horizontal-belt-continuous-dryer (exit 1)
